// Jest Snapshot v1, https://goo.gl/fbAQLP

exports[`module dev mode admin 1`] = `
"<!DOCTYPE html>
<html>
  <head>
    <meta charset=\\"utf-8\\" />
    <meta name=\\"viewport\\" content=\\"width=device-width, initial-scale=1.0\\" />
    <link href=\\"/admin/config.yml\\" type=\\"text/yaml\\" rel=\\"cms-config-url\\">
    <title>Content Manager</title>
  </head>
  <body>
  <script type=\\"text/javascript\\" src=\\"/admin/bundle.95871937146c00e3a6dc.js\\"></script></body>
</html>
"
`;
